// Jest Snapshot v1, https://goo.gl/fbAQLP

exports[`app-bookmarktable should MatchSnapshot 1`] = `null`;
